[32m[Nest] 9668  - [39m09/14/2026, 2:55:42 PM [32m    LOG[39m [38;5;3m[NestFactory] [39m[32mStarting Nest application...[39m
[32m[Nest] 9668  - [39m09/14/2026, 2:55:43 PM [32m    LOG[39m [38;5;3m[InstanceLoader] [39m[32mPassportModule dependencies initialized[39m[38;5;3m +103ms[39m
[32m[Nest] 9668  - [39m09/14/2026, 2:55:43 PM [32m    LOG[39m [38;5;3m[InstanceLoader] [39m[32mJwtModule dependencies initialized[39m[38;5;3m +47ms[39m
[32m[Nest] 9668  - [39m09/14/2026, 2:55:43 PM [32m    LOG[39m [38;5;3m[InstanceLoader] [39m[32mAppModule dependencies initialized[39m[38;5;3m +2ms[39m
[32m[Nest] 9668  - [39m09/14/2026, 2:55:43 PM [32m    LOG[39m [38;5;3m[InstanceLoader] [39m[32mNotificationsModule dependencies initialized[39m[38;5;3m +1ms[39m
[32m[Nest] 9668  - [39m09/14/2026, 2:55:43 PM [32m    LOG[39m [38;5;3m[InstanceLoader] [39m[32mWhatsappModule dependencies initialized[39m[38;5;3m +2ms[39m
[32m[Nest] 9668  - [39m09/14/2026, 2:55:43 PM [32m    LOG[39m [38;5;3m[InstanceLoader] [39m[32mUploadsModule dependencies initialized[39m[38;5;3m +0ms[39m
[32m[Nest] 9668  - [39m09/14/2026, 2:55:43 PM [32m    LOG[39m [38;5;3m[InstanceLoader] [39m[32mUsersModule dependencies initialized[39m[38;5;3m +1ms[39m
[32m[Nest] 9668  - [39m09/14/2026, 2:55:43 PM [32m    LOG[39m [38;5;3m[InstanceLoader] [39m[32mProjectsModule dependencies initialized[39m[38;5;3m +0ms[39m
[32m[Nest] 9668  - [39m09/14/2026, 2:55:43 PM [32m    LOG[39m [38;5;3m[InstanceLoader] [39m[32mNewsModule dependencies initialized[39m[38;5;3m +0ms[39m
[32m[Nest] 9668  - [39m09/14/2026, 2:55:43 PM [32m    LOG[39m [38;5;3m[InstanceLoader] [39m[32mAssistanceModule dependencies initialized[39m[38;5;3m +1ms[39m
[32m[Nest] 9668  - [39m09/14/2026, 2:55:43 PM [32m    LOG[39m [38;5;3m[InstanceLoader] [39m[32mScholarshipsModule dependencies initialized[39m[38;5;3m +0ms[39m
[32m[Nest] 9668  - [39m09/14/2026, 2:55:43 PM [32m    LOG[39m [38;5;3m[InstanceLoader] [39m[32mVolunteersModule dependencies initialized[39m[38;5;3m +0ms[39m
[32m[Nest] 9668  - [39m09/14/2026, 2:55:43 PM [32m    LOG[39m [38;5;3m[InstanceLoader] [39m[32mAIModule dependencies initialized[39m[38;5;3m +1ms[39m
[32m[Nest] 9668  - [39m09/14/2026, 2:55:43 PM [32m    LOG[39m [38;5;3m[InstanceLoader] [39m[32mDashboardModule dependencies initialized[39m[38;5;3m +0ms[39m
[32m[Nest] 9668  - [39m09/14/2026, 2:55:43 PM [32m    LOG[39m [38;5;3m[InstanceLoader] [39m[32mPaymentsModule dependencies initialized[39m[38;5;3m +1ms[39m
[32m[Nest] 9668  - [39m09/14/2026, 2:55:43 PM [32m    LOG[39m [38;5;3m[InstanceLoader] [39m[32mDonationsModule dependencies initialized[39m[38;5;3m +3ms[39m
[32m[Nest] 9668  - [39m09/14/2026, 2:55:43 PM [32m    LOG[39m [38;5;3m[InstanceLoader] [39m[32mAuthModule dependencies initialized[39m[38;5;3m +1ms[39m
[32m[Nest] 9668  - [39m09/14/2026, 2:55:43 PM [32m    LOG[39m [38;5;3m[RoutesResolver] [39m[32mHealthController {/api/health}:[39m[38;5;3m +85ms[39m
[32m[Nest] 9668  - [39m09/14/2026, 2:55:43 PM [32m    LOG[39m [38;5;3m[RouterExplorer] [39m[32mMapped {/api/health, GET} route[39m[38;5;3m +5ms[39m
[32m[Nest] 9668  - [39m09/14/2026, 2:55:43 PM [32m    LOG[39m [38;5;3m[RoutesResolver] [39m[32mAuthController {/api/auth}:[39m[38;5;3m +1ms[39m
[32m[Nest] 9668  - [39m09/14/2026, 2:55:43 PM [32m    LOG[39m [38;5;3m[RouterExplorer] [39m[32mMapped {/api/auth/register, POST} route[39m[38;5;3m +1ms[39m
[32m[Nest] 9668  - [39m09/14/2026, 2:55:43 PM [32m    LOG[39m [38;5;3m[RouterExplorer] [39m[32mMapped {/api/auth/login, POST} route[39m[38;5;3m +1ms[39m
[32m[Nest] 9668  - [39m09/14/2026, 2:55:43 PM [32m    LOG[39m [38;5;3m[RouterExplorer] [39m[32mMapped {/api/auth/me, GET} route[39m[38;5;3m +1ms[39m
[32m[Nest] 9668  - [39m09/14/2026, 2:55:43 PM [32m    LOG[39m [38;5;3m[RouterExplorer] [39m[32mMapped {/api/auth/google, GET} route[39m[38;5;3m +1ms[39m
[32m[Nest] 9668  - [39m09/14/2026, 2:55:43 PM [32m    LOG[39m [38;5;3m[RouterExplorer] [39m[32mMapped {/api/auth/google/callback, GET} route[39m[38;5;3m +1ms[39m
[32m[Nest] 9668  - [39m09/14/2026, 2:55:43 PM [32m    LOG[39m [38;5;3m[RoutesResolver] [39m[32mUsersController {/api/users}:[39m[38;5;3m +2ms[39m
[32m[Nest] 9668  - [39m09/14/2026, 2:55:43 PM [32m    LOG[39m [38;5;3m[RouterExplorer] [39m[32mMapped {/api/users/:id, GET} route[39m[38;5;3m +2ms[39m
[32m[Nest] 9668  - [39m09/14/2026, 2:55:43 PM [32m    LOG[39m [38;5;3m[RoutesResolver] [39m[32mProjectsController {/api/projects}:[39m[38;5;3m +0ms[39m
[32m[Nest] 9668  - [39m09/14/2026, 2:55:43 PM [32m    LOG[39m [38;5;3m[RouterExplorer] [39m[32mMapped {/api/projects, POST} route[39m[38;5;3m +30ms[39m
[32m[Nest] 9668  - [39m09/14/2026, 2:55:43 PM [32m    LOG[39m [38;5;3m[RouterExplorer] [39m[32mMapped {/api/projects, GET} route[39m[38;5;3m +1ms[39m
[32m[Nest] 9668  - [39m09/14/2026, 2:55:43 PM [32m    LOG[39m [38;5;3m[RouterExplorer] [39m[32mMapped {/api/projects/:id, GET} route[39m[38;5;3m +1ms[39m
[32m[Nest] 9668  - [39m09/14/2026, 2:55:43 PM [32m    LOG[39m [38;5;3m[RoutesResolver] [39m[32mNewsController {/api/news}:[39m[38;5;3m +1ms[39m
[32m[Nest] 9668  - [39m09/14/2026, 2:55:43 PM [32m    LOG[39m [38;5;3m[RouterExplorer] [39m[32mMapped {/api/news/latest, GET} route[39m[38;5;3m +1ms[39m
[32m[Nest] 9668  - [39m09/14/2026, 2:55:43 PM [32m    LOG[39m [38;5;3m[RouterExplorer] [39m[32mMapped {/api/news/slug/:slug, GET} route[39m[38;5;3m +1ms[39m
[32m[Nest] 9668  - [39m09/14/2026, 2:55:43 PM [32m    LOG[39m [38;5;3m[RoutesResolver] [39m[32mAssistanceController {/api/assistance}:[39m[38;5;3m +3ms[39m
[32m[Nest] 9668  - [39m09/14/2026, 2:55:43 PM [32m    LOG[39m [38;5;3m[RouterExplorer] [39m[32mMapped {/api/assistance, POST} route[39m[38;5;3m +1ms[39m
[32m[Nest] 9668  - [39m09/14/2026, 2:55:43 PM [32m    LOG[39m [38;5;3m[RouterExplorer] [39m[32mMapped {/api/assistance/:id, GET} route[39m[38;5;3m +1ms[39m
[32m[Nest] 9668  - [39m09/14/2026, 2:55:43 PM [32m    LOG[39m [38;5;3m[RouterExplorer] [39m[32mMapped {/api/assistance, GET} route[39m[38;5;3m +1ms[39m
[32m[Nest] 9668  - [39m09/14/2026, 2:55:43 PM [32m    LOG[39m [38;5;3m[RoutesResolver] [39m[32mScholarshipsController {/api/scholarships}:[39m[38;5;3m +0ms[39m
[32m[Nest] 9668  - [39m09/14/2026, 2:55:43 PM [32m    LOG[39m [38;5;3m[RouterExplorer] [39m[32mMapped {/api/scholarships, GET} route[39m[38;5;3m +1ms[39m
[32m[Nest] 9668  - [39m09/14/2026, 2:55:43 PM [32m    LOG[39m [38;5;3m[RouterExplorer] [39m[32mMapped {/api/scholarships/:id, GET} route[39m[38;5;3m +1ms[39m
[32m[Nest] 9668  - [39m09/14/2026, 2:55:43 PM [32m    LOG[39m [38;5;3m[RouterExplorer] [39m[32mMapped {/api/scholarships/:id/apply, POST} route[39m[38;5;3m +1ms[39m
[32m[Nest] 9668  - [39m09/14/2026, 2:55:43 PM [32m    LOG[39m [38;5;3m[RoutesResolver] [39m[32mDonationsController {/api/donations}:[39m[38;5;3m +1ms[39m
[32m[Nest] 9668  - [39m09/14/2026, 2:55:43 PM [32m    LOG[39m [38;5;3m[RouterExplorer] [39m[32mMapped {/api/donations/init, POST} route[39m[38;5;3m +0ms[39m
[32m[Nest] 9668  - [39m09/14/2026, 2:55:43 PM [32m    LOG[39m [38;5;3m[RouterExplorer] [39m[32mMapped {/api/donations/:id, GET} route[39m[38;5;3m +3ms[39m
[32m[Nest] 9668  - [39m09/14/2026, 2:55:43 PM [32m    LOG[39m [38;5;3m[RoutesResolver] [39m[32mVolunteersController {/api/volunteers}:[39m[38;5;3m +1ms[39m
[32m[Nest] 9668  - [39m09/14/2026, 2:55:43 PM [32m    LOG[39m [38;5;3m[RouterExplorer] [39m[32mMapped {/api/volunteers/apply, POST} route[39m[38;5;3m +1ms[39m
[32m[Nest] 9668  - [39m09/14/2026, 2:55:43 PM [32m    LOG[39m [38;5;3m[RouterExplorer] [39m[32mMapped {/api/volunteers, GET} route[39m[38;5;3m +0ms[39m
[32m[Nest] 9668  - [39m09/14/2026, 2:55:43 PM [32m    LOG[39m [38;5;3m[RoutesResolver] [39m[32mAIController {/api/ai}:[39m[38;5;3m +1ms[39m
[32m[Nest] 9668  - [39m09/14/2026, 2:55:43 PM [32m    LOG[39m [38;5;3m[RouterExplorer] [39m[32mMapped {/api/ai/ask, POST} route[39m[38;5;3m +1ms[39m
[32m[Nest] 9668  - [39m09/14/2026, 2:55:43 PM [32m    LOG[39m [38;5;3m[RouterExplorer] [39m[32mMapped {/api/ai/suggestions, GET} route[39m[38;5;3m +1ms[39m
[32m[Nest] 9668  - [39m09/14/2026, 2:55:43 PM [32m    LOG[39m [38;5;3m[RouterExplorer] [39m[32mMapped {/api/ai/search, GET} route[39m[38;5;3m +1ms[39m
[32m[Nest] 9668  - [39m09/14/2026, 2:55:43 PM [32m    LOG[39m [38;5;3m[RouterExplorer] [39m[32mMapped {/api/ai/answer, POST} route[39m[38;5;3m +0ms[39m
[32m[Nest] 9668  - [39m09/14/2026, 2:55:43 PM [32m    LOG[39m [38;5;3m[RoutesResolver] [39m[32mPaymentsController {/api/payments}:[39m[38;5;3m +1ms[39m
[32m[Nest] 9668  - [39m09/14/2026, 2:55:43 PM [32m    LOG[39m [38;5;3m[RouterExplorer] [39m[32mMapped {/api/payments/paystack/init, POST} route[39m[38;5;3m +0ms[39m
[32m[Nest] 9668  - [39m09/14/2026, 2:55:43 PM [32m    LOG[39m [38;5;3m[RouterExplorer] [39m[32mMapped {/api/payments/paystack/webhook, POST} route[39m[38;5;3m +3ms[39m
[32m[Nest] 9668  - [39m09/14/2026, 2:55:43 PM [32m    LOG[39m [38;5;3m[RoutesResolver] [39m[32mNotificationsController {/api/notifications}:[39m[38;5;3m +1ms[39m
[32m[Nest] 9668  - [39m09/14/2026, 2:55:43 PM [32m    LOG[39m [38;5;3m[RouterExplorer] [39m[32mMapped {/api/notifications/topic, POST} route[39m[38;5;3m +0ms[39m
[32m[Nest] 9668  - [39m09/14/2026, 2:55:43 PM [32m    LOG[39m [38;5;3m[RoutesResolver] [39m[32mUploadsController {/api/uploads}:[39m[38;5;3m +1ms[39m
[32m[Nest] 9668  - [39m09/14/2026, 2:55:43 PM [32m    LOG[39m [38;5;3m[RouterExplorer] [39m[32mMapped {/api/uploads, POST} route[39m[38;5;3m +1ms[39m
[32m[Nest] 9668  - [39m09/14/2026, 2:55:43 PM [32m    LOG[39m [38;5;3m[RoutesResolver] [39m[32mDashboardController {/api/dashboard}:[39m[38;5;3m +0ms[39m
[32m[Nest] 9668  - [39m09/14/2026, 2:55:43 PM [32m    LOG[39m [38;5;3m[RouterExplorer] [39m[32mMapped {/api/dashboard/summary, GET} route[39m[38;5;3m +1ms[39m
[32m[Nest] 9668  - [39m09/14/2026, 2:55:43 PM [32m    LOG[39m [38;5;3m[RoutesResolver] [39m[32mWhatsappController {/api/whatsapp}:[39m[38;5;3m +0ms[39m
[32m[Nest] 9668  - [39m09/14/2026, 2:55:43 PM [32m    LOG[39m [38;5;3m[RouterExplorer] [39m[32mMapped {/api/whatsapp/config, GET} route[39m[38;5;3m +0ms[39m
[32m[Nest] 9668  - [39m09/14/2026, 2:55:43 PM [32m    LOG[39m [38;5;3m[RouterExplorer] [39m[32mMapped {/api/whatsapp/webhook, GET} route[39m[38;5;3m +1ms[39m
[32m[Nest] 9668  - [39m09/14/2026, 2:55:43 PM [32m    LOG[39m [38;5;3m[RouterExplorer] [39m[32mMapped {/api/whatsapp/webhook, POST} route[39m[38;5;3m +0ms[39m
[32m[Nest] 9668  - [39m09/14/2026, 2:56:12 PM [32m    LOG[39m [38;5;3m[NestApplication] [39m[32mNest application successfully started[39m[38;5;3m +29438ms[39m
Backend running on http://localhost:3000/api
Swagger docs available at http://localhost:3000/api/docs
